Building for debugging...
[0/7] Write swift-version-39B54973F684ADAB.txt
[2/14] Emitting module Identity_Provider_Tests
[3/14] Compiling Identity_Provider_Tests IdentityProviderAPITests.swift
/Users/coen/Developer/coenttb/swift-identities/Tests/Identity Provider Tests/IdentityProviderAPITests.swift:66:13: error: type of expression is ambiguous without a type annotation
 64 |     @Test("Rate limit exceeded throws too many requests for credentials")
 65 |     func testCredentialsRateLimitExceeded() async throws {
 66 |         try await withDependencies {
    |             `- error: type of expression is ambiguous without a type annotation
 67 |             // Create a rate limiter that immediately fails
 68 |             let restrictiveRateLimiter = RateLimiter<String>(

/Users/coen/Developer/coenttb/swift-identities/Tests/Identity Provider Tests/IdentityProviderAPITests.swift:97:13: error: type of expression is ambiguous without a type annotation
 95 |     @Test("Rate limit exceeded throws too many requests for creation")
 96 |     func testCreationRateLimitExceeded() async throws {
 97 |         try await withDependencies {
    |             `- error: type of expression is ambiguous without a type annotation
 98 |             let restrictiveRateLimiter = RateLimiter<String>(
 99 |                 windows: [

/Users/coen/Developer/coenttb/swift-identities/Tests/Identity Provider Tests/IdentityProviderAPITests.swift:127:13: error: type of expression is ambiguous without a type annotation
125 |     @Test("Rate limit allows request within limits")
126 |     func testRateLimitAllowsWithinLimits() async throws {
127 |         try await withDependencies {
    |             `- error: type of expression is ambiguous without a type annotation
128 |             // Use generous rate limiter
129 |             let generousRateLimiter = RateLimiter<String>(

/Users/coen/Developer/coenttb/swift-identities/Tests/Identity Provider Tests/IdentityProviderAPITests.swift:166:13: error: type of expression is ambiguous without a type annotation
164 |     @Test("Delete request with empty token throws unauthorized")
165 |     func testDeleteEmptyTokenUnauthorized() async throws {
166 |         try await withDependencies {
    |             `- error: type of expression is ambiguous without a type annotation
167 |             $0[Identity.Provider.Configuration.self] = .testValue
168 |         } operation: { () async throws -> Void in

/Users/coen/Developer/coenttb/swift-identities/Tests/Identity Provider Tests/IdentityProviderAPITests.swift:184:13: error: type of expression is ambiguous without a type annotation
182 |     @Test("Delete endpoints check protection before rate limiting")
183 |     func testDeleteProtectionBeforeRateLimit() async throws {
184 |         try await withDependencies {
    |             `- error: type of expression is ambiguous without a type annotation
185 |             // Even with generous rate limits, protection should be checked first
186 |             let generousRateLimiter = RateLimiter<String>(

/Users/coen/Developer/coenttb/swift-identities/Tests/Identity Provider Tests/IdentityProviderAPITests.swift:213:13: error: type of expression is ambiguous without a type annotation
211 |     @Test("Public endpoints don't require request context for protection")
212 |     func testPublicEndpointsNoRequestRequired() async throws {
213 |         try await withDependencies {
    |             `- error: type of expression is ambiguous without a type annotation
214 |             $0[Identity.Provider.Configuration.self] = .testValue
215 |             // Don't set request - public endpoints shouldn't need it for protection

/Users/coen/Developer/coenttb/swift-identities/Tests/Identity Provider Tests/IdentityProviderAPITests.swift:243:13: error: type of expression is ambiguous without a type annotation
241 |     @Test("Response handler calls rate limiter before protection")
242 |     func testRateLimiterBeforeProtection() async throws {
243 |         try await withDependencies {
    |             `- error: type of expression is ambiguous without a type annotation
244 |             // Restrictive rate limiter should fail before protection check
245 |             let restrictiveRateLimiter = RateLimiter<String>(
[4/14] Emitting module Identity_Frontend_Tests
[5/14] Emitting module Identity_Consumer_Tests
[6/14] Emitting module Identity_Shared_Tests
/Users/coen/Developer/coenttb/swift-identities/Tests/Identity Shared Tests/PlaceholderTests.swift:158:25: warning: no 'async' operations occur within 'await' expression
156 |         let signingKey = SigningKey("test-secret-key")
157 | 
158 |         let token = try await withDependencies {
    |                         `- warning: no 'async' operations occur within 'await' expression
159 |             $0.uuid = .incrementing
160 |         } operation: {

/Users/coen/Developer/coenttb/swift-identities/Tests/Identity Shared Tests/PlaceholderTests.swift:180:25: warning: no 'async' operations occur within 'await' expression
178 |         let signingKey = SigningKey("test-secret")
179 | 
180 |         let token = try await withDependencies {
    |                         `- warning: no 'async' operations occur within 'await' expression
181 |             $0.uuid = .incrementing
182 |         } operation: {

/Users/coen/Developer/coenttb/swift-identities/Tests/Identity Shared Tests/PlaceholderTests.swift:200:25: warning: no 'async' operations occur within 'await' expression
198 |         let signingKey = SigningKey("test-secret")
199 | 
200 |         let token = try await withDependencies {
    |                         `- warning: no 'async' operations occur within 'await' expression
201 |             $0.uuid = .incrementing
202 |         } operation: {

error: fatalError
